// Jest Snapshot v1, https://goo.gl/fbAQLP

exports[`App component renders App 1`] = `
<DocumentFragment>
  <img
    alt="something something loading screen"
    class="Loading"
    src="https://miro.medium.com/max/978/0*NfFRP_WMxD-XT14o.gif"
  />
</DocumentFragment>
`;
