// Jest Snapshot v1, https://goo.gl/fbAQLP

exports[`Article component renders Article 1`] = `
<DocumentFragment>
  <figure
    class="Article"
  >
    <p>
      test
    </p>
    <p>
      test
    </p>
    <p>
      test
    </p>
  </figure>
</DocumentFragment>
`;
